C:/Users/arunj/STM32CubeIDE/workspace_1.14.0/STemWin/Modules/audio_player/audio_player_app.c:85:26:AUDIOPLAYER_Init	56	static
C:/Users/arunj/STM32CubeIDE/workspace_1.14.0/STemWin/Modules/audio_player/audio_player_app.c:213:26:AUDIOPLAYER_GetState	4	static
C:/Users/arunj/STM32CubeIDE/workspace_1.14.0/STemWin/Modules/audio_player/audio_player_app.c:223:11:AUDIOPLAYER_GetVolume	4	static
C:/Users/arunj/STM32CubeIDE/workspace_1.14.0/STemWin/Modules/audio_player/audio_player_app.c:234:26:AUDIOPLAYER_SetVolume	16	static
C:/Users/arunj/STM32CubeIDE/workspace_1.14.0/STemWin/Modules/audio_player/audio_player_app.c:252:26:AUDIOPLAYER_Play	24	static
C:/Users/arunj/STM32CubeIDE/workspace_1.14.0/STemWin/Modules/audio_player/audio_player_app.c:281:26:AUDIOPLAYER_Process	8	static
C:/Users/arunj/STM32CubeIDE/workspace_1.14.0/STemWin/Modules/audio_player/audio_player_app.c:312:26:AUDIOPLAYER_DeInit	8	static
C:/Users/arunj/STM32CubeIDE/workspace_1.14.0/STemWin/Modules/audio_player/audio_player_app.c:340:26:AUDIOPLAYER_Stop	8	static
C:/Users/arunj/STM32CubeIDE/workspace_1.14.0/STemWin/Modules/audio_player/audio_player_app.c:361:26:AUDIOPLAYER_Pause	8	static
C:/Users/arunj/STM32CubeIDE/workspace_1.14.0/STemWin/Modules/audio_player/audio_player_app.c:377:26:AUDIOPLAYER_Resume	8	static
C:/Users/arunj/STM32CubeIDE/workspace_1.14.0/STemWin/Modules/audio_player/audio_player_app.c:391:26:AUDIOPLAYER_SetPosition	24	static
C:/Users/arunj/STM32CubeIDE/workspace_1.14.0/STemWin/Modules/audio_player/audio_player_app.c:408:26:AUDIOPLAYER_Mute	16	static
C:/Users/arunj/STM32CubeIDE/workspace_1.14.0/STemWin/Modules/audio_player/audio_player_app.c:421:26:AUDIOPLAYER_GetFileInfo	584	static
C:/Users/arunj/STM32CubeIDE/workspace_1.14.0/STemWin/Modules/audio_player/audio_player_app.c:447:26:AUDIOPLAYER_SelectFile	24	static
C:/Users/arunj/STM32CubeIDE/workspace_1.14.0/STemWin/Modules/audio_player/audio_player_app.c:463:10:AUDIOPLAYER_GetProgress	4	static
C:/Users/arunj/STM32CubeIDE/workspace_1.14.0/STemWin/Modules/audio_player/audio_player_app.c:473:13:AUDIO_TransferComplete_CallBack	8	static
C:/Users/arunj/STM32CubeIDE/workspace_1.14.0/STemWin/Modules/audio_player/audio_player_app.c:487:13:AUDIO_HalfTransfer_CallBack	8	static
C:/Users/arunj/STM32CubeIDE/workspace_1.14.0/STemWin/Modules/audio_player/audio_player_app.c:501:13:AUDIO_Error_CallBack	4	static
C:/Users/arunj/STM32CubeIDE/workspace_1.14.0/STemWin/Modules/audio_player/audio_player_app.c:511:13:Audio_Thread	32	static
