C:/Users/arunj/STM32CubeIDE/workspace_1.14.0/STemWin/Utilities/CPU/cpu_utils.c:55:6:vApplicationIdleHook	8	static
C:/Users/arunj/STM32CubeIDE/workspace_1.14.0/STemWin/Utilities/CPU/cpu_utils.c:69:6:vApplicationTickHook	4	static
C:/Users/arunj/STM32CubeIDE/workspace_1.14.0/STemWin/Utilities/CPU/cpu_utils.c:91:6:StartIdleMonitor	8	static
C:/Users/arunj/STM32CubeIDE/workspace_1.14.0/STemWin/Utilities/CPU/cpu_utils.c:104:6:EndIdleMonitor	8	static
C:/Users/arunj/STM32CubeIDE/workspace_1.14.0/STemWin/Utilities/CPU/cpu_utils.c:119:10:osGetCPUUsage	4	static
