C:/Users/arunj/STM32CubeIDE/workspace_1.14.0/STemWin/Gui/Core/gardening_control/gardening_control_win.c:61:13:_OnPaint_exit	16	static
C:/Users/arunj/STM32CubeIDE/workspace_1.14.0/STemWin/Gui/Core/gardening_control/gardening_control_win.c:77:13:_cbButton_exit	16	static
C:/Users/arunj/STM32CubeIDE/workspace_1.14.0/STemWin/Gui/Core/gardening_control/gardening_control_win.c:94:13:_OnPaint_upstairs	24	static
C:/Users/arunj/STM32CubeIDE/workspace_1.14.0/STemWin/Gui/Core/gardening_control/gardening_control_win.c:118:13:_cbButton_upstairs	16	static
C:/Users/arunj/STM32CubeIDE/workspace_1.14.0/STemWin/Gui/Core/gardening_control/gardening_control_win.c:135:13:_OnPaint_downstairs	24	static
C:/Users/arunj/STM32CubeIDE/workspace_1.14.0/STemWin/Gui/Core/gardening_control/gardening_control_win.c:160:13:_cbButton_downstairs	16	static
C:/Users/arunj/STM32CubeIDE/workspace_1.14.0/STemWin/Gui/Core/gardening_control/gardening_control_win.c:177:13:_OnPaint_lcd	24	static
C:/Users/arunj/STM32CubeIDE/workspace_1.14.0/STemWin/Gui/Core/gardening_control/gardening_control_win.c:201:13:_cbButton_lcd	16	static
C:/Users/arunj/STM32CubeIDE/workspace_1.14.0/STemWin/Gui/Core/gardening_control/gardening_control_win.c:218:13:_cbDialog	48	static
C:/Users/arunj/STM32CubeIDE/workspace_1.14.0/STemWin/Gui/Core/gardening_control/gardening_control_win.c:274:13:Startup	24	static
C:/Users/arunj/STM32CubeIDE/workspace_1.14.0/STemWin/Gui/Core/gardening_control/gardening_control_win.c:286:5:TurnLCDOff	8	static
C:/Users/arunj/STM32CubeIDE/workspace_1.14.0/STemWin/Gui/Core/gardening_control/gardening_control_win.c:298:5:Upstairs	8	static
C:/Users/arunj/STM32CubeIDE/workspace_1.14.0/STemWin/Gui/Core/gardening_control/gardening_control_win.c:309:5:Downstairs	8	static
C:/Users/arunj/STM32CubeIDE/workspace_1.14.0/STemWin/Gui/Core/gardening_control/gardening_control_win.c:320:6:TurnLCDOff_with_UT	16	static
C:/Users/arunj/STM32CubeIDE/workspace_1.14.0/STemWin/Gui/Core/gardening_control/gardening_control_win.c:334:6:Upstairs_with_UT	16	static
C:/Users/arunj/STM32CubeIDE/workspace_1.14.0/STemWin/Gui/Core/gardening_control/gardening_control_win.c:349:6:Downstairs_with_UT	16	static
