C:/Users/arunj/STM32CubeIDE/workspace_1.14.0/STemWin/Drivers/BSP/STM32469I-Discovery/stm32469i_discovery_audio.c:218:9:BSP_AUDIO_OUT_Init	32	static
C:/Users/arunj/STM32CubeIDE/workspace_1.14.0/STemWin/Drivers/BSP/STM32469I-Discovery/stm32469i_discovery_audio.c:278:9:BSP_AUDIO_OUT_Play	24	static
C:/Users/arunj/STM32CubeIDE/workspace_1.14.0/STemWin/Drivers/BSP/STM32469I-Discovery/stm32469i_discovery_audio.c:305:6:BSP_AUDIO_OUT_ChangeBuffer	16	static
C:/Users/arunj/STM32CubeIDE/workspace_1.14.0/STemWin/Drivers/BSP/STM32469I-Discovery/stm32469i_discovery_audio.c:318:9:BSP_AUDIO_OUT_Pause	16	static
C:/Users/arunj/STM32CubeIDE/workspace_1.14.0/STemWin/Drivers/BSP/STM32469I-Discovery/stm32469i_discovery_audio.c:349:9:BSP_AUDIO_OUT_Resume	16	static
C:/Users/arunj/STM32CubeIDE/workspace_1.14.0/STemWin/Drivers/BSP/STM32469I-Discovery/stm32469i_discovery_audio.c:381:9:BSP_AUDIO_OUT_Stop	24	static
C:/Users/arunj/STM32CubeIDE/workspace_1.14.0/STemWin/Drivers/BSP/STM32469I-Discovery/stm32469i_discovery_audio.c:415:9:BSP_AUDIO_OUT_SetVolume	24	static
C:/Users/arunj/STM32CubeIDE/workspace_1.14.0/STemWin/Drivers/BSP/STM32469I-Discovery/stm32469i_discovery_audio.c:435:9:BSP_AUDIO_OUT_SetMute	24	static
C:/Users/arunj/STM32CubeIDE/workspace_1.14.0/STemWin/Drivers/BSP/STM32469I-Discovery/stm32469i_discovery_audio.c:456:9:BSP_AUDIO_OUT_SetOutputMode	24	static
C:/Users/arunj/STM32CubeIDE/workspace_1.14.0/STemWin/Drivers/BSP/STM32469I-Discovery/stm32469i_discovery_audio.c:476:6:BSP_AUDIO_OUT_SetFrequency	16	static
C:/Users/arunj/STM32CubeIDE/workspace_1.14.0/STemWin/Drivers/BSP/STM32469I-Discovery/stm32469i_discovery_audio.c:499:6:BSP_AUDIO_OUT_ChangeAudioConfig	16	static
C:/Users/arunj/STM32CubeIDE/workspace_1.14.0/STemWin/Drivers/BSP/STM32469I-Discovery/stm32469i_discovery_audio.c:559:6:BSP_AUDIO_OUT_SetAudioFrameSlot	16	static
C:/Users/arunj/STM32CubeIDE/workspace_1.14.0/STemWin/Drivers/BSP/STM32469I-Discovery/stm32469i_discovery_audio.c:575:6:BSP_AUDIO_OUT_DeInit	8	static
C:/Users/arunj/STM32CubeIDE/workspace_1.14.0/STemWin/Drivers/BSP/STM32469I-Discovery/stm32469i_discovery_audio.c:589:6:HAL_SAI_TxCpltCallback	16	static
C:/Users/arunj/STM32CubeIDE/workspace_1.14.0/STemWin/Drivers/BSP/STM32469I-Discovery/stm32469i_discovery_audio.c:600:6:HAL_SAI_TxHalfCpltCallback	16	static
C:/Users/arunj/STM32CubeIDE/workspace_1.14.0/STemWin/Drivers/BSP/STM32469I-Discovery/stm32469i_discovery_audio.c:611:6:HAL_SAI_ErrorCallback	16	static
C:/Users/arunj/STM32CubeIDE/workspace_1.14.0/STemWin/Drivers/BSP/STM32469I-Discovery/stm32469i_discovery_audio.c:619:13:BSP_AUDIO_OUT_TransferComplete_CallBack	4	static
C:/Users/arunj/STM32CubeIDE/workspace_1.14.0/STemWin/Drivers/BSP/STM32469I-Discovery/stm32469i_discovery_audio.c:626:13:BSP_AUDIO_OUT_HalfTransfer_CallBack	4	static
C:/Users/arunj/STM32CubeIDE/workspace_1.14.0/STemWin/Drivers/BSP/STM32469I-Discovery/stm32469i_discovery_audio.c:633:13:BSP_AUDIO_OUT_Error_CallBack	4	static
C:/Users/arunj/STM32CubeIDE/workspace_1.14.0/STemWin/Drivers/BSP/STM32469I-Discovery/stm32469i_discovery_audio.c:642:13:BSP_AUDIO_OUT_MspInit	56	static
C:/Users/arunj/STM32CubeIDE/workspace_1.14.0/STemWin/Drivers/BSP/STM32469I-Discovery/stm32469i_discovery_audio.c:720:13:BSP_AUDIO_OUT_MspDeInit	40	static
C:/Users/arunj/STM32CubeIDE/workspace_1.14.0/STemWin/Drivers/BSP/STM32469I-Discovery/stm32469i_discovery_audio.c:766:13:BSP_AUDIO_OUT_ClockConfig	88	static
C:/Users/arunj/STM32CubeIDE/workspace_1.14.0/STemWin/Drivers/BSP/STM32469I-Discovery/stm32469i_discovery_audio.c:811:16:SAIx_Init	24	static
C:/Users/arunj/STM32CubeIDE/workspace_1.14.0/STemWin/Drivers/BSP/STM32469I-Discovery/stm32469i_discovery_audio.c:882:13:SAIx_DeInit	8	static
C:/Users/arunj/STM32CubeIDE/workspace_1.14.0/STemWin/Drivers/BSP/STM32469I-Discovery/stm32469i_discovery_audio.c:911:9:BSP_AUDIO_IN_Init	24	static
C:/Users/arunj/STM32CubeIDE/workspace_1.14.0/STemWin/Drivers/BSP/STM32469I-Discovery/stm32469i_discovery_audio.c:942:9:BSP_AUDIO_IN_Record	24	static
C:/Users/arunj/STM32CubeIDE/workspace_1.14.0/STemWin/Drivers/BSP/STM32469I-Discovery/stm32469i_discovery_audio.c:959:9:BSP_AUDIO_IN_Stop	16	static
C:/Users/arunj/STM32CubeIDE/workspace_1.14.0/STemWin/Drivers/BSP/STM32469I-Discovery/stm32469i_discovery_audio.c:979:9:BSP_AUDIO_IN_Pause	8	static
C:/Users/arunj/STM32CubeIDE/workspace_1.14.0/STemWin/Drivers/BSP/STM32469I-Discovery/stm32469i_discovery_audio.c:992:9:BSP_AUDIO_IN_Resume	8	static
C:/Users/arunj/STM32CubeIDE/workspace_1.14.0/STemWin/Drivers/BSP/STM32469I-Discovery/stm32469i_discovery_audio.c:1007:9:BSP_AUDIO_IN_SetVolume	16	static
C:/Users/arunj/STM32CubeIDE/workspace_1.14.0/STemWin/Drivers/BSP/STM32469I-Discovery/stm32469i_discovery_audio.c:1019:6:BSP_AUDIO_IN_DeInit	8	static
C:/Users/arunj/STM32CubeIDE/workspace_1.14.0/STemWin/Drivers/BSP/STM32469I-Discovery/stm32469i_discovery_audio.c:1033:9:BSP_AUDIO_IN_PDMToPCM	536	static
C:/Users/arunj/STM32CubeIDE/workspace_1.14.0/STemWin/Drivers/BSP/STM32469I-Discovery/stm32469i_discovery_audio.c:1062:6:HAL_I2S_RxCpltCallback	16	static
C:/Users/arunj/STM32CubeIDE/workspace_1.14.0/STemWin/Drivers/BSP/STM32469I-Discovery/stm32469i_discovery_audio.c:1072:6:HAL_I2S_RxHalfCpltCallback	16	static
C:/Users/arunj/STM32CubeIDE/workspace_1.14.0/STemWin/Drivers/BSP/STM32469I-Discovery/stm32469i_discovery_audio.c:1083:6:HAL_I2S_ErrorCallback	16	static
C:/Users/arunj/STM32CubeIDE/workspace_1.14.0/STemWin/Drivers/BSP/STM32469I-Discovery/stm32469i_discovery_audio.c:1097:13:BSP_AUDIO_IN_ClockConfig	80	static
C:/Users/arunj/STM32CubeIDE/workspace_1.14.0/STemWin/Drivers/BSP/STM32469I-Discovery/stm32469i_discovery_audio.c:1111:13:BSP_AUDIO_IN_TransferComplete_CallBack	4	static
C:/Users/arunj/STM32CubeIDE/workspace_1.14.0/STemWin/Drivers/BSP/STM32469I-Discovery/stm32469i_discovery_audio.c:1121:13:BSP_AUDIO_IN_HalfTransfer_CallBack	4	static
C:/Users/arunj/STM32CubeIDE/workspace_1.14.0/STemWin/Drivers/BSP/STM32469I-Discovery/stm32469i_discovery_audio.c:1131:13:BSP_AUDIO_IN_Error_Callback	4	static
C:/Users/arunj/STM32CubeIDE/workspace_1.14.0/STemWin/Drivers/BSP/STM32469I-Discovery/stm32469i_discovery_audio.c:1142:13:BSP_AUDIO_IN_MspInit	56	static
C:/Users/arunj/STM32CubeIDE/workspace_1.14.0/STemWin/Drivers/BSP/STM32469I-Discovery/stm32469i_discovery_audio.c:1221:13:BSP_AUDIO_IN_MspDeInit	40	static
C:/Users/arunj/STM32CubeIDE/workspace_1.14.0/STemWin/Drivers/BSP/STM32469I-Discovery/stm32469i_discovery_audio.c:1261:13:PDMDecoder_Init	32	static
C:/Users/arunj/STM32CubeIDE/workspace_1.14.0/STemWin/Drivers/BSP/STM32469I-Discovery/stm32469i_discovery_audio.c:1292:13:I2Sx_Init	16	static
C:/Users/arunj/STM32CubeIDE/workspace_1.14.0/STemWin/Drivers/BSP/STM32469I-Discovery/stm32469i_discovery_audio.c:1320:13:I2Sx_DeInit	8	static
C:/Users/arunj/STM32CubeIDE/workspace_1.14.0/STemWin/Drivers/BSP/STM32469I-Discovery/stm32469i_discovery_audio.c:1337:13:TIMx_IC_MspInit	48	static
C:/Users/arunj/STM32CubeIDE/workspace_1.14.0/STemWin/Drivers/BSP/STM32469I-Discovery/stm32469i_discovery_audio.c:1368:13:TIMx_IC_MspDeInit	16	static
C:/Users/arunj/STM32CubeIDE/workspace_1.14.0/STemWin/Drivers/BSP/STM32469I-Discovery/stm32469i_discovery_audio.c:1381:13:TIMx_Init	88	static
C:/Users/arunj/STM32CubeIDE/workspace_1.14.0/STemWin/Drivers/BSP/STM32469I-Discovery/stm32469i_discovery_audio.c:1453:13:TIMx_DeInit	8	static
