C:/Users/arunj/STM32CubeIDE/workspace_1.14.0/STemWin/Drivers/BSP/STM32469I-Discovery/stm32469i_discovery_sd.c:122:9:BSP_SD_Init	16	static
C:/Users/arunj/STM32CubeIDE/workspace_1.14.0/STemWin/Drivers/BSP/STM32469I-Discovery/stm32469i_discovery_sd.c:174:9:BSP_SD_DeInit	16	static
C:/Users/arunj/STM32CubeIDE/workspace_1.14.0/STemWin/Drivers/BSP/STM32469I-Discovery/stm32469i_discovery_sd.c:197:9:BSP_SD_ITConfig	32	static
C:/Users/arunj/STM32CubeIDE/workspace_1.14.0/STemWin/Drivers/BSP/STM32469I-Discovery/stm32469i_discovery_sd.c:219:9:BSP_SD_IsDetected	16	static
C:/Users/arunj/STM32CubeIDE/workspace_1.14.0/STemWin/Drivers/BSP/STM32469I-Discovery/stm32469i_discovery_sd.c:240:9:BSP_SD_ReadBlocks	32	static
C:/Users/arunj/STM32CubeIDE/workspace_1.14.0/STemWin/Drivers/BSP/STM32469I-Discovery/stm32469i_discovery_sd.c:260:9:BSP_SD_WriteBlocks	32	static
C:/Users/arunj/STM32CubeIDE/workspace_1.14.0/STemWin/Drivers/BSP/STM32469I-Discovery/stm32469i_discovery_sd.c:279:9:BSP_SD_ReadBlocks_DMA	24	static
C:/Users/arunj/STM32CubeIDE/workspace_1.14.0/STemWin/Drivers/BSP/STM32469I-Discovery/stm32469i_discovery_sd.c:299:9:BSP_SD_WriteBlocks_DMA	24	static
C:/Users/arunj/STM32CubeIDE/workspace_1.14.0/STemWin/Drivers/BSP/STM32469I-Discovery/stm32469i_discovery_sd.c:318:9:BSP_SD_Erase	16	static
C:/Users/arunj/STM32CubeIDE/workspace_1.14.0/STemWin/Drivers/BSP/STM32469I-Discovery/stm32469i_discovery_sd.c:335:13:BSP_SD_MspInit	56	static
C:/Users/arunj/STM32CubeIDE/workspace_1.14.0/STemWin/Drivers/BSP/STM32469I-Discovery/stm32469i_discovery_sd.c:434:13:BSP_SD_Detect_MspInit	40	static
C:/Users/arunj/STM32CubeIDE/workspace_1.14.0/STemWin/Drivers/BSP/STM32469I-Discovery/stm32469i_discovery_sd.c:453:13:BSP_SD_MspDeInit	16	static
C:/Users/arunj/STM32CubeIDE/workspace_1.14.0/STemWin/Drivers/BSP/STM32469I-Discovery/stm32469i_discovery_sd.c:490:9:BSP_SD_GetCardState	8	static
C:/Users/arunj/STM32CubeIDE/workspace_1.14.0/STemWin/Drivers/BSP/STM32469I-Discovery/stm32469i_discovery_sd.c:501:6:BSP_SD_GetCardInfo	16	static
C:/Users/arunj/STM32CubeIDE/workspace_1.14.0/STemWin/Drivers/BSP/STM32469I-Discovery/stm32469i_discovery_sd.c:512:6:HAL_SD_AbortCallback	16	static
C:/Users/arunj/STM32CubeIDE/workspace_1.14.0/STemWin/Drivers/BSP/STM32469I-Discovery/stm32469i_discovery_sd.c:522:6:HAL_SD_TxCpltCallback	16	static
C:/Users/arunj/STM32CubeIDE/workspace_1.14.0/STemWin/Drivers/BSP/STM32469I-Discovery/stm32469i_discovery_sd.c:532:6:HAL_SD_RxCpltCallback	16	static
C:/Users/arunj/STM32CubeIDE/workspace_1.14.0/STemWin/Drivers/BSP/STM32469I-Discovery/stm32469i_discovery_sd.c:541:13:BSP_SD_AbortCallback	4	static
C:/Users/arunj/STM32CubeIDE/workspace_1.14.0/STemWin/Drivers/BSP/STM32469I-Discovery/stm32469i_discovery_sd.c:550:13:BSP_SD_WriteCpltCallback	4	static
C:/Users/arunj/STM32CubeIDE/workspace_1.14.0/STemWin/Drivers/BSP/STM32469I-Discovery/stm32469i_discovery_sd.c:559:13:BSP_SD_ReadCpltCallback	4	static
