C:/Users/arunj/STM32CubeIDE/workspace_1.14.0/STemWin/Gui/Target/LCDConf.c:224:6:DSI_IO_WriteCmd	24	static
C:/Users/arunj/STM32CubeIDE/workspace_1.14.0/STemWin/Gui/Target/LCDConf.c:242:13:LCD_LL_Reset	32	static
C:/Users/arunj/STM32CubeIDE/workspace_1.14.0/STemWin/Gui/Target/LCDConf.c:275:6:BSP_LCD_MspInit	24	static
C:/Users/arunj/STM32CubeIDE/workspace_1.14.0/STemWin/Gui/Target/LCDConf.c:308:13:LTDC_Init	8	static
C:/Users/arunj/STM32CubeIDE/workspace_1.14.0/STemWin/Gui/Target/LCDConf.c:345:13:LCD_LL_Init	104	static
C:/Users/arunj/STM32CubeIDE/workspace_1.14.0/STemWin/Gui/Target/LCDConf.c:500:13:LCD_LL_LayerInit	72	static
C:/Users/arunj/STM32CubeIDE/workspace_1.14.0/STemWin/Gui/Target/LCDConf.c:529:12:GetPixelformat	16	static
C:/Users/arunj/STM32CubeIDE/workspace_1.14.0/STemWin/Gui/Target/LCDConf.c:546:13:DMA2D_CopyBuffer	32	static
C:/Users/arunj/STM32CubeIDE/workspace_1.14.0/STemWin/Gui/Target/LCDConf.c:577:13:DMA2D_CopyBufferWithAlpha	32	static
C:/Users/arunj/STM32CubeIDE/workspace_1.14.0/STemWin/Gui/Target/LCDConf.c:618:13:DMA2D_FillBuffer	32	static
C:/Users/arunj/STM32CubeIDE/workspace_1.14.0/STemWin/Gui/Target/LCDConf.c:653:12:GetBufferSize	16	static
C:/Users/arunj/STM32CubeIDE/workspace_1.14.0/STemWin/Gui/Target/LCDConf.c:665:13:LCD_LL_CopyBuffer	72	static
C:/Users/arunj/STM32CubeIDE/workspace_1.14.0/STemWin/Gui/Target/LCDConf.c:687:13:LCD_LL_CopyRect	80	static
C:/Users/arunj/STM32CubeIDE/workspace_1.14.0/STemWin/Gui/Target/LCDConf.c:707:13:LCD_LL_FillRect	64	static
C:/Users/arunj/STM32CubeIDE/workspace_1.14.0/STemWin/Gui/Target/LCDConf.c:739:13:DMA2D_DrawBitmapL8	24	static
C:/Users/arunj/STM32CubeIDE/workspace_1.14.0/STemWin/Gui/Target/LCDConf.c:779:6:LCD_LL_DrawBitmap16bpp	64	static
C:/Users/arunj/STM32CubeIDE/workspace_1.14.0/STemWin/Gui/Target/LCDConf.c:791:13:LCD_LL_DrawBitmap32bpp	64	static
C:/Users/arunj/STM32CubeIDE/workspace_1.14.0/STemWin/Gui/Target/LCDConf.c:814:13:LCD_LL_DrawBitmap8bpp	72	static
C:/Users/arunj/STM32CubeIDE/workspace_1.14.0/STemWin/Gui/Target/LCDConf.c:833:6:LCD_SetUpdateRegion	24	static
C:/Users/arunj/STM32CubeIDE/workspace_1.14.0/STemWin/Gui/Target/LCDConf.c:844:6:HAL_DSI_TearingEffectCallback	24	static
C:/Users/arunj/STM32CubeIDE/workspace_1.14.0/STemWin/Gui/Target/LCDConf.c:870:6:HAL_DSI_EndOfRefreshCallback	40	static
C:/Users/arunj/STM32CubeIDE/workspace_1.14.0/STemWin/Gui/Target/LCDConf.c:910:6:LCD_ReqTear	24	static
C:/Users/arunj/STM32CubeIDE/workspace_1.14.0/STemWin/Gui/Target/LCDConf.c:932:6:LCD_X_Config	24	static
C:/Users/arunj/STM32CubeIDE/workspace_1.14.0/STemWin/Gui/Target/LCDConf.c:1039:5:LCD_X_DisplayDriver	72	static
C:/Users/arunj/STM32CubeIDE/workspace_1.14.0/STemWin/Gui/Target/LCDConf.c:1136:6:DSI_IRQHandler	8	static
