C:/Users/arunj/STM32CubeIDE/workspace_1.14.0/STemWin/Gui/Core/home_alarme/home_alarm_win.c:124:13:_OnPaint_exit	16	static
C:/Users/arunj/STM32CubeIDE/workspace_1.14.0/STemWin/Gui/Core/home_alarme/home_alarm_win.c:143:13:_cbButton_exit	16	static
C:/Users/arunj/STM32CubeIDE/workspace_1.14.0/STemWin/Gui/Core/home_alarme/home_alarm_win.c:160:13:_OnPaint_camera	24	static
C:/Users/arunj/STM32CubeIDE/workspace_1.14.0/STemWin/Gui/Core/home_alarme/home_alarm_win.c:185:13:_cbButton_camera	16	static
C:/Users/arunj/STM32CubeIDE/workspace_1.14.0/STemWin/Gui/Core/home_alarme/home_alarm_win.c:202:13:_OnPaint_alarm	16	static
C:/Users/arunj/STM32CubeIDE/workspace_1.14.0/STemWin/Gui/Core/home_alarme/home_alarm_win.c:222:13:_OnPaint_cam1	24	static
C:/Users/arunj/STM32CubeIDE/workspace_1.14.0/STemWin/Gui/Core/home_alarme/home_alarm_win.c:251:13:_OnPaint_cam2	24	static
C:/Users/arunj/STM32CubeIDE/workspace_1.14.0/STemWin/Gui/Core/home_alarme/home_alarm_win.c:280:13:_OnPaint_cam3	24	static
C:/Users/arunj/STM32CubeIDE/workspace_1.14.0/STemWin/Gui/Core/home_alarme/home_alarm_win.c:309:13:_OnPaint_cam4	24	static
C:/Users/arunj/STM32CubeIDE/workspace_1.14.0/STemWin/Gui/Core/home_alarme/home_alarm_win.c:338:13:_OnPaint_cam5	24	static
C:/Users/arunj/STM32CubeIDE/workspace_1.14.0/STemWin/Gui/Core/home_alarme/home_alarm_win.c:367:13:_OnPaint_cam5_1	24	static
C:/Users/arunj/STM32CubeIDE/workspace_1.14.0/STemWin/Gui/Core/home_alarme/home_alarm_win.c:396:13:_OnPaint_exit1	16	static
C:/Users/arunj/STM32CubeIDE/workspace_1.14.0/STemWin/Gui/Core/home_alarme/home_alarm_win.c:412:13:_OnPaint_menu	16	static
C:/Users/arunj/STM32CubeIDE/workspace_1.14.0/STemWin/Gui/Core/home_alarme/home_alarm_win.c:428:13:_cbButton_alarm	16	static
C:/Users/arunj/STM32CubeIDE/workspace_1.14.0/STemWin/Gui/Core/home_alarme/home_alarm_win.c:445:13:_cbButton_cam1	16	static
C:/Users/arunj/STM32CubeIDE/workspace_1.14.0/STemWin/Gui/Core/home_alarme/home_alarm_win.c:462:13:_cbButton_cam2	16	static
C:/Users/arunj/STM32CubeIDE/workspace_1.14.0/STemWin/Gui/Core/home_alarme/home_alarm_win.c:479:13:_cbButton_cam3	16	static
C:/Users/arunj/STM32CubeIDE/workspace_1.14.0/STemWin/Gui/Core/home_alarme/home_alarm_win.c:496:13:_cbButton_cam4	16	static
C:/Users/arunj/STM32CubeIDE/workspace_1.14.0/STemWin/Gui/Core/home_alarme/home_alarm_win.c:513:13:_cbButton_cam5	16	static
C:/Users/arunj/STM32CubeIDE/workspace_1.14.0/STemWin/Gui/Core/home_alarme/home_alarm_win.c:530:13:_cbButton_cam5_1	16	static
C:/Users/arunj/STM32CubeIDE/workspace_1.14.0/STemWin/Gui/Core/home_alarme/home_alarm_win.c:547:13:_cbButton_exit1	16	static
C:/Users/arunj/STM32CubeIDE/workspace_1.14.0/STemWin/Gui/Core/home_alarme/home_alarm_win.c:564:13:_cbButton_menu	16	static
C:/Users/arunj/STM32CubeIDE/workspace_1.14.0/STemWin/Gui/Core/home_alarme/home_alarm_win.c:581:13:_cbCameraWindow	56	static
C:/Users/arunj/STM32CubeIDE/workspace_1.14.0/STemWin/Gui/Core/home_alarme/home_alarm_win.c:700:13:_cbDialog	48	static
C:/Users/arunj/STM32CubeIDE/workspace_1.14.0/STemWin/Gui/Core/home_alarme/home_alarm_win.c:1061:13:Startup	24	static
