C:/Users/arunj/STM32CubeIDE/workspace_1.14.0/STemWin/Modules/audio_recorder/audio_recorder_app.c:61:29:AUDIO_RECORDER_Init	56	static
C:/Users/arunj/STM32CubeIDE/workspace_1.14.0/STemWin/Modules/audio_recorder/audio_recorder_app.c:89:29:AUDIO_RECORDER_GetState	4	static
C:/Users/arunj/STM32CubeIDE/workspace_1.14.0/STemWin/Modules/audio_recorder/audio_recorder_app.c:99:11:AUDIO_RECORDER_GetVolume	4	static
C:/Users/arunj/STM32CubeIDE/workspace_1.14.0/STemWin/Modules/audio_recorder/audio_recorder_app.c:109:29:AUDIO_RECORDER_StartRec	24	static
C:/Users/arunj/STM32CubeIDE/workspace_1.14.0/STemWin/Modules/audio_recorder/audio_recorder_app.c:147:18:AUDIO_RECORDER_GetFileInfo	4	static
C:/Users/arunj/STM32CubeIDE/workspace_1.14.0/STemWin/Modules/audio_recorder/audio_recorder_app.c:158:6:AUDIO_RECORDER_RemoveAudioFile	16	static
C:/Users/arunj/STM32CubeIDE/workspace_1.14.0/STemWin/Modules/audio_recorder/audio_recorder_app.c:168:29:AUDIO_RECORDER_SelectFile	24	static
C:/Users/arunj/STM32CubeIDE/workspace_1.14.0/STemWin/Modules/audio_recorder/audio_recorder_app.c:191:29:AUDIO_RECORDER_Play	24	static
C:/Users/arunj/STM32CubeIDE/workspace_1.14.0/STemWin/Modules/audio_recorder/audio_recorder_app.c:225:29:AUDIO_RECORDER_DeInit	8	static
C:/Users/arunj/STM32CubeIDE/workspace_1.14.0/STemWin/Modules/audio_recorder/audio_recorder_app.c:262:29:AUDIO_RECORDER_StopRec	16	static
C:/Users/arunj/STM32CubeIDE/workspace_1.14.0/STemWin/Modules/audio_recorder/audio_recorder_app.c:299:29:AUDIO_RECORDER_StopPlayer	8	static
C:/Users/arunj/STM32CubeIDE/workspace_1.14.0/STemWin/Modules/audio_recorder/audio_recorder_app.c:319:29:AUDIO_RECORDER_PauseResume	8	static
C:/Users/arunj/STM32CubeIDE/workspace_1.14.0/STemWin/Modules/audio_recorder/audio_recorder_app.c:354:29:AUDIO_RECORDER_Resume	8	static
C:/Users/arunj/STM32CubeIDE/workspace_1.14.0/STemWin/Modules/audio_recorder/audio_recorder_app.c:378:6:BSP_AUDIO_IN_TransferComplete_CallBack	8	static
C:/Users/arunj/STM32CubeIDE/workspace_1.14.0/STemWin/Modules/audio_recorder/audio_recorder_app.c:402:6:BSP_AUDIO_IN_HalfTransfer_CallBack	8	static
C:/Users/arunj/STM32CubeIDE/workspace_1.14.0/STemWin/Modules/audio_recorder/audio_recorder_app.c:426:6:BSP_AUDIO_IN_Error_CallBack	4	static
C:/Users/arunj/STM32CubeIDE/workspace_1.14.0/STemWin/Modules/audio_recorder/audio_recorder_app.c:437:13:AUDIO_TransferComplete_CallBack	8	static
C:/Users/arunj/STM32CubeIDE/workspace_1.14.0/STemWin/Modules/audio_recorder/audio_recorder_app.c:451:13:AUDIO_HalfTransfer_CallBack	8	static
C:/Users/arunj/STM32CubeIDE/workspace_1.14.0/STemWin/Modules/audio_recorder/audio_recorder_app.c:465:13:AUDIO_Error_CallBack	4	static
C:/Users/arunj/STM32CubeIDE/workspace_1.14.0/STemWin/Modules/audio_recorder/audio_recorder_app.c:475:13:Audio_Thread	40	static
C:/Users/arunj/STM32CubeIDE/workspace_1.14.0/STemWin/Modules/audio_recorder/audio_recorder_app.c:586:10:AUDIO_RECORDER_GetElapsedTime	16	static
C:/Users/arunj/STM32CubeIDE/workspace_1.14.0/STemWin/Modules/audio_recorder/audio_recorder_app.c:601:10:AUDIO_RECORDER_GetPlayedTime	16	static
C:/Users/arunj/STM32CubeIDE/workspace_1.14.0/STemWin/Modules/audio_recorder/audio_recorder_app.c:617:10:AUDIO_RECORDER_GetTotalTime	16	static
C:/Users/arunj/STM32CubeIDE/workspace_1.14.0/STemWin/Modules/audio_recorder/audio_recorder_app.c:635:17:WavProcess_EncInit	16	static
C:/Users/arunj/STM32CubeIDE/workspace_1.14.0/STemWin/Modules/audio_recorder/audio_recorder_app.c:663:17:WavProcess_HeaderInit	16	static
C:/Users/arunj/STM32CubeIDE/workspace_1.14.0/STemWin/Modules/audio_recorder/audio_recorder_app.c:748:17:WavProcess_HeaderUpdate	16	static
