C:/Users/arunj/STM32CubeIDE/workspace_1.14.0/STemWin/Core/Src/main.c:35:5:main	1
C:/Users/arunj/STM32CubeIDE/workspace_1.14.0/STemWin/Core/Src/main.c:69:13:GUI_Thread	1
C:/Users/arunj/STM32CubeIDE/workspace_1.14.0/STemWin/Core/Src/main.c:106:13:Timer_Callback	1
C:/Users/arunj/STM32CubeIDE/workspace_1.14.0/STemWin/Core/Src/main.c:116:13:SystemClock_Config	4
C:/Users/arunj/STM32CubeIDE/workspace_1.14.0/STemWin/Core/Src/main.c:179:13:MX_GPIO_Init	1
C:/Users/arunj/STM32CubeIDE/workspace_1.14.0/STemWin/Core/Src/main.c:317:6:HAL_GPIO_EXTI_Callback	2
