C:/Users/arunj/STM32CubeIDE/workspace_1.14.0/STemWin/Core/Src/stm32f4xx_it.c:60:6:NMI_Handler	4	static
C:/Users/arunj/STM32CubeIDE/workspace_1.14.0/STemWin/Core/Src/stm32f4xx_it.c:69:6:HardFault_Handler	4	static
C:/Users/arunj/STM32CubeIDE/workspace_1.14.0/STemWin/Core/Src/stm32f4xx_it.c:82:6:MemManage_Handler	4	static
C:/Users/arunj/STM32CubeIDE/workspace_1.14.0/STemWin/Core/Src/stm32f4xx_it.c:95:6:BusFault_Handler	4	static
C:/Users/arunj/STM32CubeIDE/workspace_1.14.0/STemWin/Core/Src/stm32f4xx_it.c:108:6:UsageFault_Handler	4	static
C:/Users/arunj/STM32CubeIDE/workspace_1.14.0/STemWin/Core/Src/stm32f4xx_it.c:121:6:DebugMon_Handler	4	static
C:/Users/arunj/STM32CubeIDE/workspace_1.14.0/STemWin/Core/Src/stm32f4xx_it.c:130:6:SysTick_Handler	8	static
C:/Users/arunj/STM32CubeIDE/workspace_1.14.0/STemWin/Core/Src/stm32f4xx_it.c:147:6:OTG_FS_IRQHandler	8	static
C:/Users/arunj/STM32CubeIDE/workspace_1.14.0/STemWin/Core/Src/stm32f4xx_it.c:157:6:LTDC_IRQHandler	8	static
C:/Users/arunj/STM32CubeIDE/workspace_1.14.0/STemWin/Core/Src/stm32f4xx_it.c:167:6:DMA2_Stream3_IRQHandler	8	static
C:/Users/arunj/STM32CubeIDE/workspace_1.14.0/STemWin/Core/Src/stm32f4xx_it.c:177:6:DMA1_Stream2_IRQHandler	8	static
C:/Users/arunj/STM32CubeIDE/workspace_1.14.0/STemWin/Core/Src/stm32f4xx_it.c:187:6:QUADSPI_IRQHandler	8	static
